
R version 3.5.0 (2018-04-23) -- "Joy in Playing"
Copyright (C) 2018 The R Foundation for Statistical Computing
Platform: x86_64-apple-darwin15.6.0 (64-bit)

R is free software and comes with ABSOLUTELY NO WARRANTY.
You are welcome to redistribute it under certain conditions.
Type 'license()' or 'licence()' for distribution details.

  Natural language support but running in an English locale

R is a collaborative project with many contributors.
Type 'contributors()' for more information and
'citation()' on how to cite R or R packages in publications.

Type 'demo()' for some demos, 'help()' for on-line help, or
'help.start()' for an HTML browser interface to help.
Type 'q()' to quit R.

> source('load.R')
> 
> library(foreach)
> library(parallel)
> library(doParallel)
Loading required package: iterators
> library(dplyr)

Attaching package: ‘dplyr’

The following objects are masked from ‘package:stats’:

    filter, lag

The following objects are masked from ‘package:base’:

    intersect, setdiff, setequal, union

> 
> 
> loadRData <- function(path = "~/data/", file = "lingBinary.Rdata") {
+   file_to_load <- paste0(path, file)
+   get(load(file_to_load))
+ }
> 
> ling.binary <- loadRData()
Error in readChar(con, 5L, useBytes = TRUE) : cannot open the connection
Calls: loadRData -> get -> load -> readChar
In addition: Warning message:
In readChar(con, 5L, useBytes = TRUE) :
  cannot open compressed file '/Users/ToddFaulkenberry/data/lingBinary.Rdata', probable reason 'No such file or directory'
Execution halted
